Parse error on "https" (IDENTIFIER) at [1, 1]Parse error on "https" (IDENTIFIER) at [1, 1]Parse error on "https" (IDENTIFIER) at [1, 1]Parse error on "https" (IDENTIFIER) at [1, 1]Parse error on "https" (IDENTIFIER) at [1, 1]Parse error on "https" (IDENTIFIER) at [1, 1]Parse error on "https" (IDENTIFIER) at [1, 1]Parse error on "https" (IDENTIFIER) at [1, 1]Parse error on "https" (IDENTIFIER) at [1, 1]Parse error on "https" (IDENTIFIER) at [1, 1]Parse error on "https" (IDENTIFIER) at [1, 1]Parse error on "https" (IDENTIFIER) at [1, 1]Parse error on "https" (IDENTIFIER) at [1, 1]Parse error on "https" (IDENTIFIER) at [1, 1]Parse error on "https" (IDENTIFIER) at [1, 1]Parse error on "https" (IDENTIFIER) at [1, 1]Parse error on "https" (IDENTIFIER) at [1, 1]Parse error on "https" (IDENTIFIER) at [1, 1]Parse error on "https" (IDENTIFIER) at [1, 1]Parse error on "https" (IDENTIFIER) at [1, 1]Parse error on "https" (IDENTIFIER) at [1, 1]Parse error on "https" (IDENTIFIER) at [1, 1]Parse error on "https" (IDENTIFIER) at [1, 1]Parse error on "https" (IDENTIFIER) at [1, 1]Parse error on "https" (IDENTIFIER) at [1, 1]Parse error on "https" (IDENTIFIER) at [1, 1]Parse error on "https" (IDENTIFIER) at [1, 1]Parse error on "https" (IDENTIFIER) at [1, 1]Parse error on "https" (IDENTIFIER) at [1, 1]Parse error on "https" (IDENTIFIER) at [1, 1]Parse error on "https" (IDENTIFIER) at [1, 1]Parse error on "https" (IDENTIFIER) at [1, 1]Parse error on "https" (IDENTIFIER) at [1, 1]Parse error on "https" (IDENTIFIER) at [1, 1]Parse error on "https" (IDENTIFIER) at [1, 1]Parse error on "https" (IDENTIFIER) at [1, 1]Parse error on "https" (IDENTIFIER) at [1, 1]Parse error on "https" (IDENTIFIER) at [1, 1]Parse error on "https" (IDENTIFIER) at [1, 1]Parse error on "https" (IDENTIFIER) at [1, 1]Parse error on "https" (IDENTIFIER) at [1, 1]Parse error on "https" (IDENTIFIER) at [1, 1]Parse error on "https" (IDENTIFIER) at [1, 1]Parse error on "https" (IDENTIFIER) at [1, 1]Parse error on "https" (IDENTIFIER) at [1, 1]Parse error on "https" (IDENTIFIER) at [1, 1]Parse error on "https" (IDENTIFIER) at [1, 1]Parse error on "https" (IDENTIFIER) at [1, 1]Parse error on "https" (IDENTIFIER) at [1, 1]Parse error on "https" (IDENTIFIER) at [1, 1]Parse error on "https" (IDENTIFIER) at [1, 1]Parse error on "https" (IDENTIFIER) at [1, 1]Parse error on "https" (IDENTIFIER) at [1, 1]Parse error on "https" (IDENTIFIER) at [1, 1]Parse error on "https" (IDENTIFIER) at [1, 1]Parse error on "https" (IDENTIFIER) at [1, 1]Parse error on "https" (IDENTIFIER) at [1, 1]Parse error on "https" (IDENTIFIER) at [1, 1]Parse error on "https" (IDENTIFIER) at [1, 1]Parse error on "https" (IDENTIFIER) at [1, 1]Parse error on "https" (IDENTIFIER) at [1, 1]Parse error on "https" (IDENTIFIER) at [1, 1]Parse error on "https" (IDENTIFIER) at [1, 1]Parse error on "https" (IDENTIFIER) at [1, 1]Parse error on "https" (IDENTIFIER) at [1, 1]Parse error on "https" (IDENTIFIER) at [1, 1]Parse error on "https" (IDENTIFIER) at [1, 1]Parse error on "https" (IDENTIFIER) at [1, 1]Parse error on "https" (IDENTIFIER) at [1, 1]Parse error on "https" (IDENTIFIER) at [1, 1]Parse error on "https" (IDENTIFIER) at [1, 1]Parse error on "\"" (error) at [1, 45]Parse error on "\"" (error) at [1, 45]Parse error on "\"" (error) at [1, 45]Parse error on "\"" (error) at [1, 45]Parse error on "\"" (error) at [1, 45]Parse error on "\"" (error) at [1, 45]Parse error on "\"" (error) at [1, 45]Parse error on "\"" (error) at [1, 45]Parse error on "\"" (error) at [1, 45]Parse error on "\"" (error) at [1, 45]Parse error on "\"" (error) at [1, 45]Parse error on "\"" (error) at [1, 45]Parse error on "\"" (error) at [1, 45]Parse error on "\"" (error) at [1, 45]Parse error on "\"" (error) at [1, 45]Parse error on "\"" (error) at [1, 45]Parse error on "\"" (error) at [1, 45]Parse error on "\"" (error) at [1, 45]Parse error on "\"" (error) at [1, 45]Parse error on "\"" (error) at [1, 45]Parse error on "\"" (error) at [1, 45]Parse error on "\"" (error) at [1, 45]Parse error on "\"" (error) at [1, 45]Parse error on "\"" (error) at [1, 45]Parse error on "\"" (error) at [1, 45]Parse error on "\"" (error) at [1, 45]Parse error on "\"" (error) at [1, 45]Parse error on "\"" (error) at [1, 45]Parse error on "\"" (error) at [1, 45]Parse error on "\"" (error) at [1, 45]Parse error on "\"" (error) at [1, 45]Parse error on "\"" (error) at [1, 45]Parse error on "\"" (error) at [1, 45]Parse error on "\"" (error) at [1, 45]Parse error on "\"" (error) at [1, 45]Parse error on "\"" (error) at [1, 45]Parse error on "\"" (error) at [1, 45]Parse error on "\"" (error) at [1, 45]Parse error on "\"" (error) at [1, 45]Parse error on "\"" (error) at [1, 45]Parse error on "\"" (error) at [1, 45]Parse error on "\"" (error) at [1, 45]Parse error on "\"" (error) at [1, 45]Parse error on "\"" (error) at [1, 45]Parse error on "\"" (error) at [1, 45]Parse error on "\"" (error) at [1, 45]Parse error on "\"" (error) at [1, 45]Parse error on "\"" (error) at [1, 45]Parse error on "\"" (error) at [1, 45]Parse error on "\"" (error) at [1, 45]Parse error on "\"" (error) at [1, 67]Parse error on "\"" (error) at [1, 67]Parse error on "\"" (error) at [1, 67]Parse error on "\"" (error) at [1, 67]Parse error on "\"" (error) at [1, 67]Parse error on "\"" (error) at [1, 67]Parse error on "\"" (error) at [1, 67]Parse error on "\"" (error) at [1, 67]Parse error on "\"" (error) at [1, 67]Parse error on "\"" (error) at [1, 67]Parse error on "\"" (error) at [1, 67]Parse error on "\"" (error) at [1, 67]Parse error on "\"" (error) at [1, 67]Parse error on "\"" (error) at [1, 67]Parse error on "\"" (error) at [1, 67]Parse error on "\"" (error) at [1, 67]Parse error on "\"" (error) at [1, 67]Parse error on "\"" (error) at [1, 67]Parse error on "\"" (error) at [1, 67]Parse error on "\"" (error) at [1, 67]Parse error on "\"" (error) at [1, 67]Parse error on "\"" (error) at [1, 67]Parse error on "\"" (error) at [1, 67]Parse error on "\"" (error) at [1, 67]Parse error on "\"" (error) at [1, 67]Parse error on "\"" (error) at [1, 67]Parse error on "\"" (error) at [1, 67]Parse error on "\"" (error) at [1, 67]Parse error on "\"" (error) at [1, 67]Parse error on "\"" (error) at [1, 67]Parse error on "\"" (error) at [1, 67]Parse error on "\"" (error) at [1, 67]Parse error on "\"" (error) at [1, 67]Parse error on ">" (error) at [1, 42]Parse error on ">" (error) at [1, 42]Parse error on ">" (error) at [1, 42]Parse error on ">" (error) at [1, 42]Parse error on ">" (error) at [1, 42]Parse error on ">" (error) at [1, 42]Parse error on ">" (error) at [1, 42]Parse error on ">" (error) at [1, 42]Parse error on ">" (error) at [1, 42]Parse error on ">" (error) at [1, 42]Parse error on ">" (error) at [1, 42]Parse error on ">" (error) at [1, 42]Parse error on ">" (error) at [1, 42]Parse error on ">" (error) at [1, 42]Parse error on ">" (error) at [1, 42]Parse error on ">" (error) at [1, 42]Parse error on ">" (error) at [1, 42]Parse error on ">" (error) at [1, 42]Parse error on ">" (error) at [1, 42]Parse error on ">" (error) at [1, 42]Parse error on ">" (error) at [1, 42]Parse error on ">" (error) at [1, 42]Parse error on ">" (error) at [1, 42]Parse error on ">" (error) at [1, 42]Parse error on ">" (error) at [1, 42]Parse error on ">" (error) at [1, 42]Parse error on ">" (error) at [1, 42]Parse error on ">" (error) at [1, 42]Parse error on ">" (error) at [1, 42]Parse error on ">" (error) at [1, 42]Parse error on ">" (error) at [1, 42]Parse error on ">" (error) at [1, 42]Parse error on ">" (error) at [1, 42]Parse error on ">" (error) at [1, 42]Parse error on ">" (error) at [1, 42]Parse error on ">" (error) at [1, 42]Parse error on ">" (error) at [1, 42]Parse error on ">" (error) at [1, 42]Parse error on "\"" (error) at [1, 38]Parse error on "\"" (error) at [1, 38]Parse error on "\"" (error) at [1, 38]Parse error on "\"" (error) at [1, 38]Parse error on "\"" (error) at [1, 38]Parse error on "\"" (error) at [1, 38]Parse error on "\"" (error) at [1, 38]Parse error on "\"" (error) at [1, 38]Parse error on "\"" (error) at [1, 38]Parse error on "\"" (error) at [1, 38]Parse error on "\"" (error) at [1, 38]Parse error on "\"" (error) at [1, 38]Parse error on "\"" (error) at [1, 38]Parse error on "\"" (error) at [1, 38]Parse error on "\"" (error) at [1, 38]Parse error on "\"" (error) at [1, 38]Parse error on "\"" (error) at [1, 38]Parse error on "\"" (error) at [1, 38]Parse error on "\"" (error) at [1, 38]Parse error on "\"" (error) at [1, 38]Parse error on "\"" (error) at [1, 38]Parse error on "\"" (error) at [1, 38]Parse error on "\"" (error) at [1, 38]Parse error on "\"" (error) at [1, 38]Parse error on "\"" (error) at [1, 38]Parse error on "\"" (error) at [1, 38]Parse error on "\"" (error) at [1, 38]Parse error on "\"" (error) at [1, 38]Parse error on "\"" (error) at [1, 38]Parse error on "\"" (error) at [1, 38]Parse error on "\"" (error) at [1, 38]Parse error on "\"" (error) at [1, 38]Parse error on "\"" (error) at [1, 38]Parse error on "\"" (error) at [1, 38]Parse error on "\"" (error) at [1, 38]Parse error on "\"" (error) at [1, 38]Parse error on "\"" (error) at [1, 38]Parse error on "\"" (error) at [1, 38]Parse error on "\"" (error) at [1, 38]Parse error on "\"" (error) at [1, 38]Parse error on "\"" (error) at [1, 38]Parse error on "\"" (error) at [1, 38]Parse error on "\"" (error) at [1, 38]Parse error on "\"" (error) at [1, 38]Parse error on "\"" (error) at [1, 38]Parse error on "\"" (error) at [1, 38]Parse error on "{" (LCURLY) at [1, 64]Parse error on "{" (LCURLY) at [1, 64]Parse error on "{" (LCURLY) at [1, 64]Parse error on "\"" (error) at [1, 38]Parse error on "\"" (error) at [1, 38]Parse error on "\"" (error) at [1, 38]Parse error on "\"" (error) at [1, 38]Parse error on "\"" (error) at [1, 38]Parse error on "\"" (error) at [1, 38]Parse error on "\"" (error) at [1, 38]Parse error on "\"" (error) at [1, 38]Parse error on "\"" (error) at [1, 38]Parse error on "\"" (error) at [1, 38]Parse error on "\"" (error) at [1, 38]Parse error on "\"" (error) at [1, 38]Parse error on "\"" (error) at [1, 38]Parse error on "\"" (error) at [1, 38]Parse error on "\"" (error) at [1, 38]Parse error on "\"" (error) at [1, 38]Parse error on "\"" (error) at [1, 38]Parse error on "\"" (error) at [1, 38]Parse error on "\"" (error) at [1, 38]Parse error on "\"" (error) at [1, 38]Parse error on "\"" (error) at [1, 38]Parse error on "\"" (error) at [1, 38]Parse error on "\"" (error) at [1, 38]Parse error on "\"" (error) at [1, 38]Parse error on "\"" (error) at [1, 38]Parse error on "\"" (error) at [1, 38]Parse error on "\"" (error) at [1, 38]Parse error on "\"" (error) at [1, 38]Parse error on "\"" (error) at [1, 38]Parse error on "\"" (error) at [1, 38]Parse error on "\"" (error) at [1, 38]Parse error on "\"" (error) at [1, 38]Parse error on "\"" (error) at [1, 38]Parse error on "\"" (error) at [1, 38]Parse error on "\"" (error) at [1, 38]Parse error on "\"" (error) at [1, 38]Parse error on "\"" (error) at [1, 38]Parse error on "\"" (error) at [1, 38]Parse error on "\"" (error) at [1, 38]Parse error on "\"" (error) at [1, 38]Parse error on "\"" (error) at [1, 38]Parse error on "\"" (error) at [1, 38]Parse error on "\"" (error) at [1, 38]Parse error on "\"" (error) at [1, 38]Parse error on "\"" (error) at [1, 38]Parse error on "\"" (error) at [1, 38]Parse error on "\"" (error) at [1, 38]Parse error on "\"" (error) at [1, 38]Parse error on "\"" (error) at [1, 38]Parse error on "\"" (error) at [1, 38]Parse error on "\"" (error) at [1, 38]Parse error on "\"" (error) at [1, 38]Parse error on "\"" (error) at [1, 38]Parse error on "\"" (error) at [1, 38]Parse error on "\"" (error) at [1, 38]Parse error on "\"" (error) at [1, 38]Parse error on "\"" (error) at [1, 38]Parse error on "\"" (error) at [1, 38]Parse error on "\"" (error) at [1, 38]Parse error on "\"" (error) at [1, 38]Parse error on "\"" (error) at [1, 38]Parse error on "\"" (error) at [1, 38]Parse error on "\"" (error) at [1, 38]Parse error on "\"" (error) at [1, 38]Parse error on "\"" (error) at [1, 38]Parse error on "\"" (error) at [1, 38]Parse error on "\"" (error) at [1, 38]Parse error on "\"" (error) at [1, 38]Parse error on "\"" (error) at [1, 38]Parse error on "\"" (error) at [1, 38]Parse error on "\"" (error) at [1, 38]Parse error on "\"" (error) at [1, 38]Parse error on "\"" (error) at [1, 38]Parse error on "\"" (error) at [1, 38]Parse error on "\"" (error) at [1, 38]Parse error on "\"" (error) at [1, 38]Parse error on "\"" (error) at [1, 38]Parse error on "\"" (error) at [1, 38]Parse error on "\"" (error) at [1, 38]Parse error on "\"" (error) at [1, 38]Parse error on "\"" (error) at [1, 38]Parse error on "\"" (error) at [1, 38]Parse error on "\"" (error) at [1, 38]Parse error on "\"" (error) at [1, 38]Parse error on "\"" (error) at [1, 38]Parse error on "\"" (error) at [1, 38]Parse error on "\"" (error) at [1, 38]Parse error on "\"" (error) at [1, 38]Parse error on "\"" (error) at [1, 38]Parse error on "\"" (error) at [1, 38]Parse error on "\"" (error) at [1, 38]Parse error on "\"" (error) at [1, 38]Parse error on "\"" (error) at [1, 38]Parse error on "\"" (error) at [1, 38]Parse error on "\"" (error) at [1, 38]Parse error on "\"" (error) at [1, 38]Parse error on "\"" (error) at [1, 38]Parse error on "\"" (error) at [1, 38]Parse error on "\"" (error) at [1, 38]Parse error on "\"" (error) at [1, 38]Parse error on "\"" (error) at [1, 38]Parse error on "\"" (error) at [1, 38]Parse error on "\"" (error) at [1, 38]Parse error on "\"" (error) at [1, 38]Parse error on "\"" (error) at [1, 38]Parse error on "\"" (error) at [1, 38]Parse error on "\"" (error) at [1, 38]Parse error on "\"" (error) at [1, 38]Parse error on "\"" (error) at [1, 38]Parse error on "\"" (error) at [1, 38]Parse error on "\"" (error) at [1, 38]Parse error on "\"" (error) at [1, 38]Parse error on "\"" (error) at [1, 38]Parse error on "\"" (error) at [1, 38]Parse error on "\"" (error) at [1, 38]Parse error on "\"" (error) at [1, 38]Parse error on "\"" (error) at [1, 38]Parse error on "\"" (error) at [1, 38]Parse error on "\"" (error) at [1, 38]Parse error on "\"" (error) at [1, 38]Parse error on "\"" (error) at [1, 38]Parse error on "\"" (error) at [1, 38]Parse error on "\"" (error) at [1, 38]Parse error on "\"" (error) at [1, 38]Parse error on "\"" (error) at [1, 38]Parse error on "\"" (error) at [1, 38]Parse error on "\"" (error) at [1, 38]Parse error on "\"" (error) at [1, 38]Parse error on "\"" (error) at [1, 38]Parse error on "\"" (error) at [1, 38]Parse error on "\"" (error) at [1, 38]Parse error on "\"" (error) at [1, 38]Parse error on "\"" (error) at [1, 38]Parse error on "\"" (error) at [1, 38]Parse error on "\"" (error) at [1, 38]Parse error on "\"" (error) at [1, 38]Parse error on "\"" (error) at [1, 38]Parse error on "\"" (error) at [1, 38]Parse error on "\"" (error) at [1, 38]Parse error on "\"" (error) at [1, 38]Parse error on "\"" (error) at [1, 38]Parse error on "\"" (error) at [1, 38]Parse error on "\"" (error) at [1, 38]Parse error on "\"" (error) at [1, 38]Parse error on "\"" (error) at [1, 38]Parse error on "\"" (error) at [1, 38]Parse error on "\"" (error) at [1, 38]Parse error on "\"" (error) at [1, 38]Parse error on "\"" (error) at [1, 38]Parse error on "\"" (error) at [1, 38]Parse error on "\"" (error) at [1, 38]Parse error on "\"" (error) at [1, 38]Parse error on "\"" (error) at [1, 38]Parse error on "\"" (error) at [1, 38]Parse error on "\"" (error) at [1, 38]Parse error on "\"" (error) at [1, 38]Parse error on "\"" (error) at [1, 38]Parse error on "\"" (error) at [1, 38]Parse error on "\"" (error) at [1, 38]Parse error on "\"" (error) at [1, 38]Parse error on "\"" (error) at [1, 38]Parse error on "\"" (error) at [1, 38]Parse error on "\"" (error) at [1, 38]Parse error on "\"" (error) at [1, 38]Parse error on "\"" (error) at [1, 38]Parse error on "\"" (error) at [1, 38]Parse error on "\"" (error) at [1, 38]Parse error on "\"" (error) at [1, 38]Parse error on "\"" (error) at [1, 38]Parse error on "\"" (error) at [1, 38]Parse error on "\"" (error) at [1, 38]Parse error on "\"" (error) at [1, 38]Parse error on "\"" (error) at [1, 38]Parse error on "\"" (error) at [1, 38]Parse error on "\"" (error) at [1, 38]Parse error on "\"" (error) at [1, 38]Parse error on "\"" (error) at [1, 38]Parse error on "\"" (error) at [1, 38]Parse error on "\"" (error) at [1, 38]Parse error on "\"" (error) at [1, 38]Parse error on "\"" (error) at [1, 38]Parse error on "\"" (error) at [1, 38]Parse error on "\"" (error) at [1, 38]Parse error on "\"" (error) at [1, 38]Parse error on "\"" (error) at [1, 38]Parse error on "\"" (error) at [1, 38]Parse error on "\"" (error) at [1, 38]Parse error on "\"" (error) at [1, 38]Parse error on "\"" (error) at [1, 38]Parse error on "\"" (error) at [1, 38]Parse error on "\"" (error) at [1, 38]Parse error on "\"" (error) at [1, 38]Parse error on "\"" (error) at [1, 38]Parse error on "\"" (error) at [1, 38]Parse error on "\"" (error) at [1, 38]Parse error on "\"" (error) at [1, 38]Parse error on "\"" (error) at [1, 38]Parse error on "\"" (error) at [1, 38]Parse error on "\"" (error) at [1, 38]Parse error on "\"" (error) at [1, 38]Parse error on "\"" (error) at [1, 38]Parse error on "\"" (error) at [1, 38]Parse error on "\"" (error) at [1, 38]Parse error on "\"" (error) at [1, 38]Parse error on "\"" (error) at [1, 38]Parse error on "\"" (error) at [1, 38]Parse error on "\"" (error) at [1, 38]Parse error on "\"" (error) at [1, 38]Parse error on "\"" (error) at [1, 38]Parse error on "\"" (error) at [1, 38]Parse error on "\"" (error) at [1, 38]Parse error on "\"" (error) at [1, 38]Parse error on "\"" (error) at [1, 38]Parse error on "\"" (error) at [1, 38]Parse error on "\"" (error) at [1, 38]Parse error on "\"" (error) at [1, 38]Parse error on "\"" (error) at [1, 38]Parse error on "\"" (error) at [1, 38]Parse error on "\"" (error) at [1, 38]Parse error on "\"" (error) at [1, 38]Parse error on "\"" (error) at [1, 38]Parse error on "\"" (error) at [1, 38]Parse error on "\"" (error) at [1, 38]Parse error on "\"" (error) at [1, 38]Parse error on "\"" (error) at [1, 38]Parse error on "\"" (error) at [1, 38]Parse error on "\"" (error) at [1, 38]Parse error on "\"" (error) at [1, 38]Parse error on "\"" (error) at [1, 38]Parse error on "\"" (error) at [1, 38]Parse error on "\"" (error) at [1, 38]Parse error on "\"" (error) at [1, 38]Parse error on "\"" (error) at [1, 38]Parse error on "\"" (error) at [1, 38]Parse error on "\"" (error) at [1, 38]Parse error on "\"" (error) at [1, 38]Parse error on "\"" (error) at [1, 38]Parse error on "\"" (error) at [1, 38]Parse error on "\"" (error) at [1, 38]Parse error on "\"" (error) at [1, 38]Parse error on "\"" (error) at [1, 38]Parse error on "\"" (error) at [1, 38]Parse error on "\"" (error) at [1, 38]Parse error on "\"" (error) at [1, 38]Parse error on "\"" (error) at [1, 38]Parse error on "\"" (error) at [1, 38]Parse error on "\"" (error) at [1, 38]Parse error on "\"" (error) at [1, 38]Parse error on "\"" (error) at [1, 38]Parse error on "\"" (error) at [1, 38]Parse error on "\"" (error) at [1, 38]Parse error on "\"" (error) at [1, 38]Parse error on "\"" (error) at [1, 38]Parse error on "\"" (error) at [1, 38]Parse error on "\"" (error) at [1, 38]Parse error on "\"" (error) at [1, 38]Parse error on "\"" (error) at [1, 38]Parse error on "\"" (error) at [1, 38]Parse error on "\"" (error) at [1, 38]Parse error on "\"" (error) at [1, 38]Parse error on "\"" (error) at [1, 38]Parse error on "\"" (error) at [1, 38]Parse error on "\"" (error) at [1, 38]Parse error on "\"" (error) at [1, 38]Parse error on "\"" (error) at [1, 38]Parse error on "\"" (error) at [1, 38]Parse error on "\"" (error) at [1, 38]Parse error on "\"" (error) at [1, 38]Parse error on "\"" (error) at [1, 38]Parse error on "\"" (error) at [1, 38]Parse error on "\"" (error) at [1, 38]Parse error on "\"" (error) at [1, 38]Parse error on "\"" (error) at [1, 38]Parse error on "\"" (error) at [1, 38]Parse error on "\"" (error) at [1, 38]Parse error on "\"" (error) at [1, 38]Parse error on "\"" (error) at [1, 38]Parse error on "\"" (error) at [1, 38]Parse error on "\"" (error) at [1, 38]Parse error on "\"" (error) at [1, 38]Parse error on "\"" (error) at [1, 38]Parse error on "\"" (error) at [1, 38]Parse error on "\"" (error) at [1, 38]Parse error on "\"" (error) at [1, 38]Parse error on "\"" (error) at [1, 38]Parse error on "\"" (error) at [1, 38]Parse error on "\"" (error) at [1, 38]Parse error on "\"" (error) at [1, 38]Parse error on "\"" (error) at [1, 38]Parse error on "\"" (error) at [1, 38]Parse error on "\"" (error) at [1, 38]Parse error on "\"" (error) at [1, 38]Parse error on "\"" (error) at [1, 38]Parse error on "\"" (error) at [1, 38]Parse error on "\"" (error) at [1, 38]Parse error on "\"" (error) at [1, 38]Parse error on "\"" (error) at [1, 38]Parse error on "\"" (error) at [1, 38]Parse error on "\"" (error) at [1, 38]Parse error on "\"" (error) at [1, 38]Parse error on "\"" (error) at [1, 38]Parse error on "\"" (error) at [1, 38]Parse error on "\"" (error) at [1, 38]Parse error on "\"" (error) at [1, 38]Parse error on "\"" (error) at [1, 38]Parse error on "\"" (error) at [1, 38]Parse error on "\"" (error) at [1, 38]Parse error on "\"" (error) at [1, 38]Parse error on "\"" (error) at [1, 38]Parse error on "\"" (error) at [1, 38]Parse error on "\"" (error) at [1, 38]Parse error on "\"" (error) at [1, 38]Parse error on "\"" (error) at [1, 38]Parse error on "\"" (error) at [1, 38]Parse error on "\"" (error) at [1, 38]Parse error on "\"" (error) at [1, 38]Parse error on "\"" (error) at [1, 38]Parse error on "\"" (error) at [1, 38]Parse error on "\"" (error) at [1, 38]Parse error on "\"" (error) at [1, 38]Parse error on "\"" (error) at [1, 38]Parse error on "\"" (error) at [1, 38]Parse error on "\"" (error) at [1, 38]Parse error on "\"" (error) at [1, 38]Parse error on "\"" (error) at [1, 38]Parse error on "\"" (error) at [1, 38]Parse error on "\"" (error) at [1, 38]Parse error on "\"" (error) at [1, 38]Parse error on "\"" (error) at [1, 38]Parse error on "\"" (error) at [1, 38]Parse error on "\"" (error) at [1, 38]Parse error on "\"" (error) at [1, 38]Parse error on "\"" (error) at [1, 38]Parse error on "\"" (error) at [1, 38]Parse error on "\"" (error) at [1, 38]Parse error on "\"" (error) at [1, 38]Parse error on "\"" (error) at [1, 38]Parse error on "\"" (error) at [1, 38]Parse error on "\"" (error) at [1, 38]Parse error on "\"" (error) at [1, 38]Parse error on "\"" (error) at [1, 38]Parse error on "\"" (error) at [1, 38]Parse error on "\"" (error) at [1, 38]Parse error on "\"" (error) at [1, 38]Parse error on "\"" (error) at [1, 38]Parse error on "\"" (error) at [1, 38]Parse error on "\"" (error) at [1, 38]Parse error on "\"" (error) at [1, 38]Parse error on "\"" (error) at [1, 38]Parse error on "\"" (error) at [1, 38]Parse error on "\"" (error) at [1, 38]Parse error on "\"" (error) at [1, 38]Parse error on "\"" (error) at [1, 38]Parse error on "\"" (error) at [1, 38]Parse error on "\"" (error) at [1, 38]Parse error on "\"" (error) at [1, 38]Parse error on "\"" (error) at [1, 38]Parse error on "\"" (error) at [1, 38]Parse error on "\"" (error) at [1, 38]Parse error on "\"" (error) at [1, 38]Parse error on "\"" (error) at [1, 38]Parse error on "\"" (error) at [1, 38]Parse error on "\"" (error) at [1, 38]Parse error on "\"" (error) at [1, 38]Parse error on "\"" (error) at [1, 38]Parse error on "\"" (error) at [1, 38]Parse error on "\"" (error) at [1, 38]Parse error on "\"" (error) at [1, 38]Parse error on "\"" (error) at [1, 38]Parse error on "\"" (error) at [1, 38]Parse error on "\"" (error) at [1, 38]Parse error on "\"" (error) at [1, 38]Parse error on "\"" (error) at [1, 38]Parse error on "\"" (error) at [1, 38]Parse error on "\"" (error) at [1, 38]Parse error on "\"" (error) at [1, 38]Parse error on "\"" (error) at [1, 38]Parse error on "\"" (error) at [1, 38]Parse error on "\"" (error) at [1, 38]Parse error on "\"" (error) at [1, 38]Parse error on "\"" (error) at [1, 38]Parse error on "\"" (error) at [1, 38]Parse error on "\"" (error) at [1, 38]Parse error on "\"" (error) at [1, 38]Parse error on "\"" (error) at [1, 38]Parse error on "\"" (error) at [1, 38]Parse error on "\"" (error) at [1, 38]Parse error on "\"" (error) at [1, 38]Parse error on "\"" (error) at [1, 38]Parse error on "\"" (error) at [1, 38]Parse error on "\"" (error) at [1, 38]Parse error on "\"" (error) at [1, 38]Parse error on "\"" (error) at [1, 38]Parse error on "\"" (error) at [1, 38]Parse error on "\"" (error) at [1, 38]Parse error on "\"" (error) at [1, 38]Parse error on "\"" (error) at [1, 38]Parse error on "\"" (error) at [1, 38]Parse error on "\"" (error) at [1, 38]Parse error on "\"" (error) at [1, 38]Parse error on "\"" (error) at [1, 38]Parse error on "\"" (error) at [1, 38]Parse error on "\"" (error) at [1, 38]Parse error on "\"" (error) at [1, 38]Parse error on "\"" (error) at [1, 38]Parse error on "\"" (error) at [1, 38]Parse error on "\"" (error) at [1, 38]Parse error on "\"" (error) at [1, 38]Parse error on "\"" (error) at [1, 38]Parse error on "\"" (error) at [1, 38]Parse error on "\"" (error) at [1, 38]Parse error on "\"" (error) at [1, 38]Parse error on "\"" (error) at [1, 38]Parse error on "\"" (error) at [1, 38]Parse error on "\"" (error) at [1, 38]Parse error on "\"" (error) at [1, 38]Parse error on "\"" (error) at [1, 38]Parse error on "\"" (error) at [1, 38]Parse error on "\"" (error) at [1, 38]Parse error on "\"" (error) at [1, 38]Parse error on "\"" (error) at [1, 38]Parse error on "\"" (error) at [1, 38]Parse error on "\"" (error) at [1, 38]Parse error on "\"" (error) at [1, 38]Parse error on "\"" (error) at [1, 38]Parse error on "\"" (error) at [1, 38]Parse error on "\"" (error) at [1, 38]Parse error on "\"" (error) at [1, 38]Parse error on "\"" (error) at [1, 38]Parse error on "\"" (error) at [1, 38]Parse error on "\"" (error) at [1, 38]Parse error on "\"" (error) at [1, 38]Parse error on "\"" (error) at [1, 38]Parse error on "\"" (error) at [1, 38]Parse error on "\"" (error) at [1, 38]Parse error on "\"" (error) at [1, 38]Parse error on "\"" (error) at [1, 38]Parse error on "\"" (error) at [1, 38]Parse error on "\"" (error) at [1, 38]Parse error on "\"" (error) at [1, 38]Parse error on "\"" (error) at [1, 38]Parse error on "\"" (error) at [1, 38]Parse error on "\"" (error) at [1, 38]Parse error on "\"" (error) at [1, 38]Parse error on "\"" (error) at [1, 38]Parse error on "\"" (error) at [1, 38]Parse error on "\"" (error) at [1, 38]Parse error on "\"" (error) at [1, 38]Parse error on "\"" (error) at [1, 38]Parse error on "\"" (error) at [1, 38]Parse error on "\"" (error) at [1, 38]Parse error on "\"" (error) at [1, 38]Parse error on "\"" (error) at [1, 38]Parse error on "\"" (error) at [1, 38]Parse error on "\"" (error) at [1, 38]Parse error on "\"" (error) at [1, 38]Parse error on "\"" (error) at [1, 38]Parse error on "\"" (error) at [1, 38]Parse error on "\"" (error) at [1, 38]Parse error on "\"" (error) at [1, 38]Parse error on "\"" (error) at [1, 38]Parse error on "\"" (error) at [1, 38]Parse error on "\"" (error) at [1, 38]Parse error on "\"" (error) at [1, 38]Parse error on "\"" (error) at [1, 38]Parse error on "\"" (error) at [1, 38]Parse error on "\"" (error) at [1, 38]Parse error on "\"" (error) at [1, 38]Parse error on "\"" (error) at [1, 38]Parse error on "\"" (error) at [1, 38]Parse error on "\"" (error) at [1, 38]Parse error on "\"" (error) at [1, 38]Parse error on "\"" (error) at [1, 38]Parse error on "\"" (error) at [1, 38]Parse error on "\"" (error) at [1, 38]Parse error on "\"" (error) at [1, 38]Parse error on "\"" (error) at [1, 38]Parse error on "\"" (error) at [1, 38]Parse error on "\"" (error) at [1, 38]Parse error on "\"" (error) at [1, 38]Parse error on "\"" (error) at [1, 38]Parse error on "\"" (error) at [1, 38]Parse error on "\"" (error) at [1, 38]Parse error on "\"" (error) at [1, 38]Parse error on "\"" (error) at [1, 38]Parse error on "\"" (error) at [1, 38]Parse error on "\"" (error) at [1, 38]Parse error on "\"" (error) at [1, 38]Parse error on "\"" (error) at [1, 38]Parse error on "\"" (error) at [1, 38]Parse error on "\"" (error) at [1, 38]Parse error on "\"" (error) at [1, 38]Parse error on "\"" (error) at [1, 38]Parse error on "\"" (error) at [1, 38]Parse error on "\"" (error) at [1, 38]Parse error on "\"" (error) at [1, 38]Parse error on "\"" (error) at [1, 38]Parse error on "\"" (error) at [1, 38]Parse error on "\"" (error) at [1, 38]Parse error on "\"" (error) at [1, 38]Parse error on "\"" (error) at [1, 38]Parse error on "\"" (error) at [1, 38]Parse error on "\"" (error) at [1, 38]Parse error on "\"" (error) at [1, 38]Parse error on "\"" (error) at [1, 38]Parse error on "\"" (error) at [1, 38]Parse error on "\"" (error) at [1, 38]Parse error on "\"" (error) at [1, 38]Parse error on "\"" (error) at [1, 38]Parse error on "\"" (error) at [1, 38]Parse error on "\"" (error) at [1, 38]Parse error on "\"" (error) at [1, 38]Parse error on "\"" (error) at [1, 38]Parse error on "\"" (error) at [1, 38]Parse error on "\"" (error) at [1, 38]Parse error on "\"" (error) at [1, 38]Parse error on "\"" (error) at [1, 38]Parse error on "\"" (error) at [1, 38]Parse error on "\"" (error) at [1, 38]Parse error on "\"" (error) at [1, 38]Parse error on "\"" (error) at [1, 38]Parse error on "\"" (error) at [1, 38]Parse error on "\"" (error) at [1, 38]Parse error on "\"" (error) at [1, 38]Parse error on "\"" (error) at [1, 38]Parse error on "\"" (error) at [1, 38]Parse error on "\"" (error) at [1, 38]Parse error on "\"" (error) at [1, 38]Parse error on "\"" (error) at [1, 38]Parse error on "\"" (error) at [1, 38]Parse error on "\"" (error) at [1, 38]Parse error on "\"" (error) at [1, 38]Parse error on "\"" (error) at [1, 38]Parse error on "\"" (error) at [1, 38]Parse error on "\"" (error) at [1, 38]Parse error on "\"" (error) at [1, 38]Parse error on "\"" (error) at [1, 38]Parse error on "\"" (error) at [1, 38]Parse error on "\"" (error) at [1, 38]Parse error on "\"" (error) at [1, 38]Parse error on "\"" (error) at [1, 38]Parse error on "\"" (error) at [1, 38]Parse error on "\"" (error) at [1, 38]Parse error on "\"" (error) at [1, 38]Parse error on "\"" (error) at [1, 38]Parse error on "\"" (error) at [1, 38]Parse error on "\"" (error) at [1, 38]Parse error on "\"" (error) at [1, 38]Parse error on "\"" (error) at [1, 38]Parse error on "\"" (error) at [1, 38]Parse error on "\"" (error) at [1, 38]Parse error on "\"" (error) at [1, 38]Parse error on "\"" (error) at [1, 38]Parse error on "\"" (error) at [1, 38]Parse error on "\"" (error) at [1, 38]Parse error on "\"" (error) at [1, 38]Parse error on "\"" (error) at [1, 38]Parse error on "\"" (error) at [1, 38]Parse error on "\"" (error) at [1, 38]Parse error on "\"" (error) at [1, 38]Parse error on "\"" (error) at [1, 38]Parse error on "\"" (error) at [1, 38]Parse error on "\"" (error) at [1, 38]Parse error on "\"" (error) at [1, 38]Parse error on "\"" (error) at [1, 38]Parse error on "\"" (error) at [1, 38]Parse error on "\"" (error) at [1, 38]Parse error on "\"" (error) at [1, 38]Parse error on "\"" (error) at [1, 38]Parse error on "\"" (error) at [1, 38]Parse error on "\"" (error) at [1, 38]Parse error on "\"" (error) at [1, 38]Parse error on "\"" (error) at [1, 38]Parse error on "\"" (error) at [1, 38]Parse error on "\"" (error) at [1, 38]Parse error on "\"" (error) at [1, 38]Parse error on "\"" (error) at [1, 38]Parse error on "\"" (error) at [1, 38]Parse error on "\"" (error) at [1, 38]Parse error on "\"" (error) at [1, 38]Parse error on "\"" (error) at [1, 38]Parse error on "\"" (error) at [1, 38]Parse error on "\"" (error) at [1, 38]Parse error on "\"" (error) at [1, 38]Parse error on "\"" (error) at [1, 38]Parse error on "\"" (error) at [1, 38]Parse error on "\"" (error) at [1, 38]Parse error on "\"" (error) at [1, 38]Parse error on "\"" (error) at [1, 38]Parse error on "\"" (error) at [1, 38]Parse error on "\"" (error) at [1, 38]Parse error on "\"" (error) at [1, 38]Parse error on "\"" (error) at [1, 38]Parse error on "\"" (error) at [1, 38]Parse error on "\"" (error) at [1, 38]Parse error on "\"" (error) at [1, 38]Parse error on "\"" (error) at [1, 38]Parse error on "\"" (error) at [1, 38]Parse error on "\"" (error) at [1, 38]Parse error on "\"" (error) at [1, 38]Parse error on "\"" (error) at [1, 38]Parse error on "\"" (error) at [1, 38]Parse error on "\"" (error) at [1, 38]Parse error on "\"" (error) at [1, 38]Parse error on "\"" (error) at [1, 38]Parse error on "\"" (error) at [1, 38]Parse error on "\"" (error) at [1, 38]Parse error on "\"" (error) at [1, 38]Parse error on "\"" (error) at [1, 38]Parse error on "\"" (error) at [1, 38]Parse error on "\"" (error) at [1, 38]Parse error on "\"" (error) at [1, 38]Parse error on "\"" (error) at [1, 38]Parse error on "\"" (error) at [1, 38]Parse error on "\"" (error) at [1, 38]Parse error on "\"" (error) at [1, 38]Parse error on "\"" (error) at [1, 38]Parse error on "\"" (error) at [1, 38]Parse error on "\"" (error) at [1, 38]Parse error on "\"" (error) at [1, 38]Parse error on "\"" (error) at [1, 38]Parse error on "\"" (error) at [1, 38]Parse error on "\"" (error) at [1, 38]Parse error on "\"" (error) at [1, 38]Parse error on "\"" (error) at [1, 38]Parse error on "\"" (error) at [1, 38]Parse error on "\"" (error) at [1, 38]Parse error on "\"" (error) at [1, 38]Parse error on "\"" (error) at [1, 38]Parse error on "\"" (error) at [1, 38]Parse error on "\"" (error) at [1, 38]Parse error on "\"" (error) at [1, 38]Parse error on "\"" (error) at [1, 38]Parse error on "\"" (error) at [1, 38]Parse error on "\"" (error) at [1, 38]Parse error on "\"" (error) at [1, 38]Parse error on "\"" (error) at [1, 38]Parse error on "\"" (error) at [1, 38]Parse error on "\"" (error) at [1, 38]Parse error on "\"" (error) at [1, 38]Parse error on "\"" (error) at [1, 38]Parse error on "\"" (error) at [1, 38]Parse error on "\"" (error) at [1, 38]Parse error on "\"" (error) at [1, 38]Parse error on "\"" (error) at [1, 38]Parse error on "\"" (error) at [1, 38]Parse error on "\"" (error) at [1, 38]Parse error on "\"" (error) at [1, 38]Parse error on "\"" (error) at [1, 38]Parse error on "\"" (error) at [1, 38]Parse error on "\"" (error) at [1, 38]Parse error on "\"" (error) at [1, 38]Parse error on "\"" (error) at [1, 38]Parse error on "\"" (error) at [1, 38]Parse error on "\"" (error) at [1, 38]Parse error on "\"" (error) at [1, 38]Parse error on "\"" (error) at [1, 38]Parse error on "\"" (error) at [1, 38]Parse error on "\"" (error) at [1, 38]Parse error on "\"" (error) at [1, 38]Parse error on "\"" (error) at [1, 38]Parse error on "\"" (error) at [1, 38]Parse error on "\"" (error) at [1, 38]Parse error on "\"" (error) at [1, 38]Parse error on "\"" (error) at [1, 38]Parse error on "\"" (error) at [1, 38]Parse error on "\"" (error) at [1, 38]Parse error on "\"" (error) at [1, 38]Parse error on "\"" (error) at [1, 38]Parse error on "\"" (error) at [1, 38]Parse error on "\"" (error) at [1, 38]Parse error on "\"" (error) at [1, 38]Parse error on "\"" (error) at [1, 38]Parse error on "\"" (error) at [1, 38]Parse error on "\"" (error) at [1, 38]Parse error on "\"" (error) at [1, 38]Parse error on "\"" (error) at [1, 38]Parse error on "\"" (error) at [1, 38]Parse error on "\"" (error) at [1, 38]Parse error on "\"" (error) at [1, 38]Parse error on "\"" (error) at [1, 38]Parse error on "\"" (error) at [1, 38]Parse error on "\"" (error) at [1, 38]Parse error on "\"" (error) at [1, 38]Parse error on "\"" (error) at [1, 38]Parse error on "\"" (error) at [1, 38]Parse error on "\"" (error) at [1, 38]Parse error on "\"" (error) at [1, 38]Parse error on "\"" (error) at [1, 38]Parse error on "\"" (error) at [1, 38]Parse error on "\"" (error) at [1, 38]Parse error on "\"" (error) at [1, 38]Parse error on "\"" (error) at [1, 38]Parse error on "\"" (error) at [1, 38]Parse error on "\"" (error) at [1, 38]Parse error on "\"" (error) at [1, 38]Parse error on "\"" (error) at [1, 38]Parse error on "\"" (error) at [1, 38]Parse error on "\"" (error) at [1, 38]Parse error on "\"" (error) at [1, 38]Parse error on "\"" (error) at [1, 38]Parse error on "\"" (error) at [1, 38]Parse error on "\"" (error) at [1, 38]Parse error on "\"" (error) at [1, 38]Parse error on "\"" (error) at [1, 38]Parse error on "\"" (error) at [1, 38]Parse error on "\"" (error) at [1, 38]Parse error on "\"" (error) at [1, 38]Parse error on "\"" (error) at [1, 38]Parse error on "\"" (error) at [1, 38]Parse error on "\"" (error) at [1, 38]Parse error on "\"" (error) at [1, 38]Parse error on "\"" (error) at [1, 38]Parse error on "\"" (error) at [1, 38]Parse error on "\"" (error) at [1, 38]Parse error on "\"" (error) at [1, 38]Parse error on "\"" (error) at [1, 38]Parse error on "\"" (error) at [1, 38]Parse error on "\"" (error) at [1, 38]Parse error on "\"" (error) at [1, 38]Parse error on "\"" (error) at [1, 38]Parse error on "\"" (error) at [1, 38]Parse error on "\"" (error) at [1, 38]Parse error on "\"" (error) at [1, 38]Parse error on "\"" (error) at [1, 38]Parse error on "\"" (error) at [1, 38]Parse error on "\"" (error) at [1, 38]Parse error on "\"" (error) at [1, 38]Parse error on "\"" (error) at [1, 38]Parse error on "\"" (error) at [1, 38]Parse error on "\"" (error) at [1, 38]Parse error on "\"" (error) at [1, 38]Parse error on "\"" (error) at [1, 38]Parse error on "\"" (error) at [1, 38]Parse error on "\"" (error) at [1, 38]Parse error on "\"" (error) at [1, 38]Parse error on "\"" (error) at [1, 38]Parse error on "\"" (error) at [1, 38]Parse error on "\"" (error) at [1, 38]Parse error on "\"" (error) at [1, 38]Parse error on "\"" (error) at [1, 38]Parse error on "\"" (error) at [1, 38]Parse error on "\"" (error) at [1, 38]Parse error on "\"" (error) at [1, 38]Parse error on "\"" (error) at [1, 38]Parse error on "\"" (error) at [1, 38]Parse error on "\"" (error) at [1, 38]Parse error on "\"" (error) at [1, 38]Parse error on "\"" (error) at [1, 38]Parse error on "\"" (error) at [1, 38]Parse error on "\"" (error) at [1, 38]Parse error on "\"" (error) at [1, 38]Parse error on "\"" (error) at [1, 38]Parse error on "\"" (error) at [1, 38]Parse error on "\"" (error) at [1, 38]Parse error on "\"" (error) at [1, 38]Parse error on "4" (INT) at [1, 62]Parse error on "4" (INT) at [1, 62]Parse error on "4" (INT) at [1, 62]Parse error on "4" (INT) at [1, 62]Parse error on "4" (INT) at [1, 62]Parse error on "4" (INT) at [1, 62]Parse error on "4" (INT) at [1, 62]Parse error on "4" (INT) at [1, 62]Parse error on "?" (error) at [1, 83]Parse error on "?" (error) at [1, 83]Parse error on "?" (error) at [1, 83]Parse error on "?" (error) at [1, 83]Parse error on "?" (error) at [1, 83]Parse error on "?" (error) at [1, 83]Parse error on "?" (error) at [1, 83]Parse error on "?" (error) at [1, 83]Parse error on "?" (error) at [1, 83]Parse error on "?" (error) at [1, 83]Parse error on "?" (error) at [1, 83]Parse error on "?" (error) at [1, 83]Parse error on "?" (error) at [1, 83]Parse error on "?" (error) at [1, 83]Parse error on "?" (error) at [1, 83]Parse error on "?" (error) at [1, 83]Parse error on "?" (error) at [1, 83]Parse error on "?" (error) at [1, 83]Parse error on "?" (error) at [1, 83]Parse error on "?" (error) at [1, 83]Parse error on "?" (error) at [1, 83]Parse error on "?" (error) at [1, 83]Parse error on "?" (error) at [1, 83]Parse error on "?" (error) at [1, 83]Parse error on "?" (error) at [1, 83]Parse error on "?" (error) at [1, 83]Parse error on "?" (error) at [1, 83]Parse error on "?" (error) at [1, 83]Parse error on "?" (error) at [1, 83]Parse error on "?" (error) at [1, 83]Parse error on "?" (error) at [1, 83]Parse error on "?" (error) at [1, 83]Parse error on "?" (error) at [1, 83]Parse error on "?" (error) at [1, 83]Parse error on "?" (error) at [1, 83]Parse error on "?" (error) at [1, 83]Parse error on "?" (error) at [1, 83]Parse error on "?" (error) at [1, 83]Parse error on "?" (error) at [1, 83]Parse error on "?" (error) at [1, 83]Parse error on "?" (error) at [1, 83]Parse error on "?" (error) at [1, 83]Parse error on "?" (error) at [1, 83]Parse error on "?" (error) at [1, 83]Parse error on "?" (error) at [1, 83]Parse error on "?" (error) at [1, 83]Parse error on "?" (error) at [1, 83]Parse error on "?" (error) at [1, 83]Parse error on "?" (error) at [1, 83]Parse error on "?" (error) at [1, 83]Parse error on "?" (error) at [1, 83]Parse error on "?" (error) at [1, 83]Parse error on "?" (error) at [1, 83]Parse error on "?" (error) at [1, 83]Parse error on "?" (error) at [1, 83]Parse error on "?" (error) at [1, 83]Parse error on "?" (error) at [1, 83]Parse error on "?" (error) at [1, 83]Parse error on "?" (error) at [1, 83]Parse error on "?" (error) at [1, 83]Parse error on "?" (error) at [1, 83]Parse error on "?" (error) at [1, 83]Parse error on "?" (error) at [1, 83]Parse error on "?" (error) at [1, 83]Parse error on "?" (error) at [1, 83]Parse error on "?" (error) at [1, 83]Parse error on "?" (error) at [1, 83]Parse error on "?" (error) at [1, 83]Parse error on "?" (error) at [1, 83]Parse error on "?" (error) at [1, 83]Parse error on "?" (error) at [1, 83]Parse error on "?" (error) at [1, 83]Parse error on "?" (error) at [1, 83]Parse error on "?" (error) at [1, 83]Parse error on "?" (error) at [1, 83]Parse error on "?" (error) at [1, 83]Parse error on "?" (error) at [1, 83]Parse error on "?" (error) at [1, 83]Parse error on "?" (error) at [1, 83]Parse error on "?" (error) at [1, 83]Parse error on "?" (error) at [1, 83]Parse error on "?" (error) at [1, 83]Parse error on "?" (error) at [1, 83]Parse error on "?" (error) at [1, 83]Parse error on "?" (error) at [1, 83]Parse error on "?" (error) at [1, 83]Parse error on "\"" (error) at [1, 67]Parse error on "\"" (error) at [1, 67]Parse error on "\"" (error) at [1, 67]Parse error on "\"" (error) at [1, 67]Parse error on "\"" (error) at [1, 67]Parse error on "\"" (error) at [1, 67]Parse error on "\"" (error) at [1, 67]Parse error on "\"" (error) at [1, 67]Parse error on "\"" (error) at [1, 67]Parse error on "\"" (error) at [1, 67]Parse error on "\"" (error) at [1, 67]Parse error on "\"" (error) at [1, 67]Parse error on "\"" (error) at [1, 67]Parse error on "\"" (error) at [1, 67]Parse error on "\"" (error) at [1, 67]Parse error on "\"" (error) at [1, 67]Parse error on "\"" (error) at [1, 67]Parse error on "\"" (error) at [1, 67]Parse error on "\"" (error) at [1, 67]Parse error on "\"" (error) at [1, 67]Parse error on "\"" (error) at [1, 67]Parse error on "\"" (error) at [1, 67]Parse error on "\"" (error) at [1, 67]Parse error on "\"" (error) at [1, 67]Parse error on "\"" (error) at [1, 67]Parse error on "\"" (error) at [1, 67]Parse error on "\"" (error) at [1, 67]Parse error on "\"" (error) at [1, 67]Parse error on "\"" (error) at [1, 67]Parse error on "\"" (error) at [1, 67]Parse error on "\"" (error) at [1, 67]Parse error on "\"" (error) at [1, 67]Parse error on "\"" (error) at [1, 67]Parse error on "\"" (error) at [1, 67]Parse error on "\"" (error) at [1, 67]Parse error on "\"" (error) at [1, 67]Parse error on "\"" (error) at [1, 67]Parse error on "\"" (error) at [1, 67]Parse error on "\"" (error) at [1, 67]Parse error on "\"" (error) at [1, 67]Parse error on "\"" (error) at [1, 67]Parse error on "\"" (error) at [1, 67]Parse error on "\"" (error) at [1, 67]Parse error on "\"" (error) at [1, 67]Parse error on "\"" (error) at [1, 67]Parse error on "\"" (error) at [1, 67]Parse error on "\"" (error) at [1, 67]Parse error on "\"" (error) at [1, 67]Parse error on "\"" (error) at [1, 67]Parse error on "\"" (error) at [1, 67]Parse error on "\"" (error) at [1, 67]Parse error on "\"" (error) at [1, 67]Parse error on "\"" (error) at [1, 67]Parse error on "\"" (error) at [1, 67]Parse error on "\"" (error) at [1, 67]Parse error on "\"" (error) at [1, 67]Parse error on "\"" (error) at [1, 67]Parse error on "\"" (error) at [1, 67]Parse error on "\"" (error) at [1, 67]Parse error on "\"" (error) at [1, 67]Parse error on "\"" (error) at [1, 67]Parse error on "\"" (error) at [1, 67]Parse error on "\"" (error) at [1, 67]Parse error on "\"" (error) at [1, 67]Parse error on "\"" (error) at [1, 67]Parse error on "\"" (error) at [1, 67]Parse error on "\"" (error) at [1, 67]Parse error on "\"" (error) at [1, 67]Parse error on "\"" (error) at [1, 67]Parse error on "\"" (error) at [1, 67]Parse error on "\"" (error) at [1, 67]Parse error on "\"" (error) at [1, 67]Parse error on "\"" (error) at [1, 67]Parse error on "\"" (error) at [1, 67]Parse error on "\"" (error) at [1, 67]Parse error on "\"" (error) at [1, 67]Parse error on "\"" (error) at [1, 67]Parse error on "\"" (error) at [1, 67]Parse error on "\"" (error) at [1, 67]Parse error on "\"" (error) at [1, 67]Parse error on "\"" (error) at [1, 67]Parse error on "\"" (error) at [1, 67]Parse error on "\"" (error) at [1, 67]Parse error on "\"" (error) at [1, 67]Parse error on "\"" (error) at [1, 67]Parse error on "\"" (error) at [1, 67]Parse error on "\"" (error) at [1, 67]Parse error on "\"" (error) at [1, 67]Parse error on "\"" (error) at [1, 67]Parse error on "\"" (error) at [1, 67]Parse error on "\"" (error) at [1, 67]Parse error on "\"" (error) at [1, 67]Parse error on "\"" (error) at [1, 67]Parse error on "\"" (error) at [1, 67]Parse error on "\"" (error) at [1, 67]Parse error on "\"" (error) at [1, 67]Parse error on "\"" (error) at [1, 67]Parse error on "\"" (error) at [1, 67]Parse error on "\"" (error) at [1, 67]Parse error on "\"" (error) at [1, 67]Parse error on "\"" (error) at [1, 67]Parse error on "\"" (error) at [1, 67]Parse error on "\"" (error) at [1, 67]Parse error on "\"" (error) at [1, 67]Parse error on "\"" (error) at [1, 67]Parse error on "\"" (error) at [1, 67]Parse error on "\"" (error) at [1, 67]Parse error on "\"" (error) at [1, 67]Parse error on "\"" (error) at [1, 67]Parse error on "\"" (error) at [1, 67]Parse error on "\"" (error) at [1, 67]Parse error on "\"" (error) at [1, 67]Parse error on "\"" (error) at [1, 67]Parse error on "\"" (error) at [1, 67]Parse error on "\"" (error) at [1, 67]Parse error on "\"" (error) at [1, 67]Parse error on "\"" (error) at [1, 67]Parse error on "\"" (error) at [1, 67]Parse error on "\"" (error) at [1, 67]Parse error on "\"" (error) at [1, 67]Parse error on "\"" (error) at [1, 67]Parse error on "\"" (error) at [1, 67]Parse error on "\"" (error) at [1, 67]Parse error on "\"" (error) at [1, 67]Parse error on "\"" (error) at [1, 67]Parse error on "\"" (error) at [1, 67]Parse error on "\"" (error) at [1, 67]Parse error on "\"" (error) at [1, 67]Parse error on "\"" (error) at [1, 67]Parse error on "\"" (error) at [1, 67]Parse error on "\"" (error) at [1, 67]Parse error on "\"" (error) at [1, 67]Parse error on "\"" (error) at [1, 67]Parse error on "\"" (error) at [1, 67]Parse error on "\"" (error) at [1, 67]Parse error on "\"" (error) at [1, 67]Parse error on "\"" (error) at [1, 67]Parse error on "\"" (error) at [1, 67]Parse error on "\"" (error) at [1, 67]Parse error on "\"" (error) at [1, 67]Parse error on "\"" (error) at [1, 67]Parse error on "\"" (error) at [1, 67]Parse error on "\"" (error) at [1, 67]Parse error on "\"" (error) at [1, 67]Parse error on "\"" (error) at [1, 67]Parse error on "\"" (error) at [1, 67]Parse error on "\"" (error) at [1, 67]Parse error on "\"" (error) at [1, 67]Parse error on "\"" (error) at [1, 67]Parse error on "\"" (error) at [1, 67]Parse error on "\"" (error) at [1, 67]Parse error on "\"" (error) at [1, 67]Parse error on "\"" (error) at [1, 67]Parse error on "\"" (error) at [1, 67]Parse error on "\"" (error) at [1, 67]Parse error on "\"" (error) at [1, 67]Parse error on "\"" (error) at [1, 67]Parse error on "\"" (error) at [1, 67]Parse error on "\"" (error) at [1, 67]Parse error on "\"" (error) at [1, 67]Parse error on "\"" (error) at [1, 67]Parse error on "\"" (error) at [1, 67]Parse error on "\"" (error) at [1, 67]Parse error on "\"" (error) at [1, 67]Parse error on "\"" (error) at [1, 67]Parse error on "\"" (error) at [1, 67]Parse error on "\"" (error) at [1, 67]Parse error on "\"" (error) at [1, 67]Parse error on "\"" (error) at [1, 67]Parse error on "\"" (error) at [1, 67]Parse error on "\"" (error) at [1, 67]Parse error on "\"" (error) at [1, 67]Parse error on "\"" (error) at [1, 67]Parse error on "\"" (error) at [1, 67]Parse error on "\"" (error) at [1, 67]Parse error on "\"" (error) at [1, 67]Parse error on "\"" (error) at [1, 67]Parse error on "\"" (error) at [1, 67]Parse error on "\"" (error) at [1, 67]Parse error on "\"" (error) at [1, 67]Parse error on "\"" (error) at [1, 67]Parse error on "\"" (error) at [1, 67]Parse error on "\"" (error) at [1, 67]Parse error on "\"" (error) at [1, 67]Parse error on "\"" (error) at [1, 67]Parse error on "\"" (error) at [1, 67]Parse error on "\"" (error) at [1, 67]Parse error on "\"" (error) at [1, 67]Parse error on "\"" (error) at [1, 67]Parse error on "\"" (error) at [1, 67]Parse error on "\"" (error) at [1, 67]Parse error on "\"" (error) at [1, 67]Parse error on "\"" (error) at [1, 67]Parse error on "\"" (error) at [1, 67]Parse error on "\"" (error) at [1, 67]Parse error on "\"" (error) at [1, 67]Parse error on "\"" (error) at [1, 67]Parse error on "\"" (error) at [1, 67]Parse error on "\"" (error) at [1, 67]Parse error on "\"" (error) at [1, 67]Parse error on "\"" (error) at [1, 67]Parse error on "\"" (error) at [1, 67]Parse error on "\"" (error) at [1, 67]Parse error on "\"" (error) at [1, 67]Parse error on "\"" (error) at [1, 67]Parse error on "\"" (error) at [1, 67]Parse error on "\"" (error) at [1, 67]Parse error on "\"" (error) at [1, 67]Parse error on "\"" (error) at [1, 67]Parse error on "\"" (error) at [1, 67]Parse error on "\"" (error) at [1, 67]Parse error on "\"" (error) at [1, 67]Parse error on "\"" (error) at [1, 67]Parse error on "\"" (error) at [1, 67]Parse error on "\"" (error) at [1, 67]Parse error on "\"" (error) at [1, 67]Parse error on "\"" (error) at [1, 67]Parse error on "\"" (error) at [1, 67]Parse error on "\"" (error) at [1, 67]Parse error on "\"" (error) at [1, 67]Parse error on "\"" (error) at [1, 67]Parse error on "\"" (error) at [1, 67]Parse error on "\"" (error) at [1, 67]Parse error on "\"" (error) at [1, 67]Parse error on "\"" (error) at [1, 67]Parse error on "\"" (error) at [1, 67]Parse error on "\"" (error) at [1, 67]Parse error on "\"" (error) at [1, 67]Parse error on "\"" (error) at [1, 67]Parse error on "\"" (error) at [1, 67]Parse error on "\"" (error) at [1, 67]Parse error on "\"" (error) at [1, 67]Parse error on "\"" (error) at [1, 67]Parse error on "\"" (error) at [1, 67]Parse error on "\"" (error) at [1, 67]Parse error on "\"" (error) at [1, 67]Parse error on "\"" (error) at [1, 67]Parse error on "\"" (error) at [1, 67]Parse error on "\"" (error) at [1, 67]Parse error on "\"" (error) at [1, 67]Parse error on "\"" (error) at [1, 67]Parse error on "\"" (error) at [1, 67]Parse error on "\"" (error) at [1, 67]Parse error on "\"" (error) at [1, 67]Parse error on "\"" (error) at [1, 67]Parse error on "\"" (error) at [1, 67]Parse error on "\"" (error) at [1, 67]Parse error on "\"" (error) at [1, 67]Parse error on "\"" (error) at [1, 67]Parse error on "\"" (error) at [1, 67]Parse error on "\"" (error) at [1, 67]Parse error on "\"" (error) at [1, 67]Parse error on "\"" (error) at [1, 67]Parse error on "\"" (error) at [1, 67]Parse error on "\"" (error) at [1, 67]Parse error on "\"" (error) at [1, 67]Parse error on "\"" (error) at [1, 67]Parse error on "\"" (error) at [1, 67]Parse error on "\"" (error) at [1, 67]Parse error on "\"" (error) at [1, 67]Parse error on "\"" (error) at [1, 67]Parse error on "\"" (error) at [1, 67]Parse error on "\"" (error) at [1, 67]Parse error on "\"" (error) at [1, 67]Parse error on "\"" (error) at [1, 67]Parse error on "\"" (error) at [1, 67]Parse error on "\"" (error) at [1, 67]Parse error on "\"" (error) at [1, 67]Parse error on "\"" (error) at [1, 67]Parse error on "\"" (error) at [1, 67]Parse error on "\"" (error) at [1, 67]Parse error on "\"" (error) at [1, 67]Parse error on "\"" (error) at [1, 67]Parse error on "\"" (error) at [1, 67]Parse error on "\"" (error) at [1, 67]Parse error on "\"" (error) at [1, 67]Parse error on "\"" (error) at [1, 67]Parse error on "\"" (error) at [1, 67]Parse error on "\"" (error) at [1, 67]Parse error on "\"" (error) at [1, 67]Parse error on "\"" (error) at [1, 67]Parse error on "\"" (error) at [1, 67]Parse error on "\"" (error) at [1, 67]Parse error on "\"" (error) at [1, 67]Parse error on "\"" (error) at [1, 67]Parse error on "\"" (error) at [1, 67]Parse error on "\"" (error) at [1, 67]Parse error on "\"" (error) at [1, 67]Parse error on "\"" (error) at [1, 67]Parse error on "\"" (error) at [1, 67]Parse error on "\"" (error) at [1, 67]Parse error on "\"" (error) at [1, 67]Parse error on "\"" (error) at [1, 67]Parse error on "\"" (error) at [1, 67]Parse error on "\"" (error) at [1, 67]Parse error on "\"" (error) at [1, 67]Parse error on "\"" (error) at [1, 67]Parse error on "\"" (error) at [1, 67]Parse error on "\"" (error) at [1, 67]Parse error on "\"" (error) at [1, 67]Parse error on "\"" (error) at [1, 67]Parse error on "\"" (error) at [1, 67]Parse error on "\"" (error) at [1, 67]Parse error on "\"" (error) at [1, 67]Parse error on "\"" (error) at [1, 67]Parse error on "\"" (error) at [1, 67]Parse error on "\"" (error) at [1, 67]Parse error on "\"" (error) at [1, 67]Parse error on "\"" (error) at [1, 67]Parse error on "\"" (error) at [1, 67]Parse error on "\"" (error) at [1, 67]Parse error on "\"" (error) at [1, 67]Parse error on "\"" (error) at [1, 67]Parse error on "\"" (error) at [1, 67]Parse error on "\"" (error) at [1, 67]Parse error on "\"" (error) at [1, 67]Parse error on "\"" (error) at [1, 67]Parse error on "\"" (error) at [1, 67]Parse error on "\"" (error) at [1, 67]Parse error on "\"" (error) at [1, 67]Parse error on "\"" (error) at [1, 67]Parse error on "\"" (error) at [1, 67]Parse error on "\"" (error) at [1, 67]Parse error on "\"" (error) at [1, 67]Parse error on "\"" (error) at [1, 67]Parse error on "\"" (error) at [1, 67]Parse error on "\"" (error) at [1, 67]Parse error on "\"" (error) at [1, 67]Parse error on "\"" (error) at [1, 67]Parse error on "\"" (error) at [1, 67]Parse error on "\"" (error) at [1, 67]Parse error on "\"" (error) at [1, 67]Parse error on "\"" (error) at [1, 67]Parse error on "\"" (error) at [1, 67]Parse error on "\"" (error) at [1, 67]Parse error on "\"" (error) at [1, 67]Parse error on "\"" (error) at [1, 67]Parse error on "\"" (error) at [1, 67]Parse error on "\"" (error) at [1, 67]Parse error on "\"" (error) at [1, 67]Parse error on "\"" (error) at [1, 67]Parse error on "\"" (error) at [1, 67]Parse error on "\"" (error) at [1, 67]Parse error on "\"" (error) at [1, 67]Parse error on "\"" (error) at [1, 67]Parse error on "\"" (error) at [1, 67]Parse error on "\"" (error) at [1, 67]Parse error on "\"" (error) at [1, 67]Parse error on "\"" (error) at [1, 67]Parse error on "\"" (error) at [1, 67]Parse error on "\"" (error) at [1, 67]Parse error on "\"" (error) at [1, 67]Parse error on "\"" (error) at [1, 67]Parse error on "\"" (error) at [1, 67]Parse error on "\"" (error) at [1, 67]Parse error on "\"" (error) at [1, 67]Parse error on "\"" (error) at [1, 67]Parse error on "\"" (error) at [1, 67]Parse error on "\"" (error) at [1, 67]Parse error on "\"" (error) at [1, 67]Parse error on "\"" (error) at [1, 67]Parse error on "\"" (error) at [1, 67]Parse error on "\"" (error) at [1, 67]Parse error on "\"" (error) at [1, 67]Parse error on "\"" (error) at [1, 67]Parse error on "\"" (error) at [1, 67]Parse error on "\"" (error) at [1, 67]Parse error on "\"" (error) at [1, 67]Parse error on "\"" (error) at [1, 67]Parse error on "\"" (error) at [1, 67]Parse error on "\"" (error) at [1, 67]Parse error on "\"" (error) at [1, 67]Parse error on "\"" (error) at [1, 67]Parse error on "\"" (error) at [1, 67]Parse error on "\"" (error) at [1, 67]Parse error on "\"" (error) at [1, 67]Parse error on "\"" (error) at [1, 67]Parse error on "\"" (error) at [1, 67]Parse error on "\"" (error) at [1, 67]Parse error on "\"" (error) at [1, 67]Parse error on "\"" (error) at [1, 67]Parse error on "\"" (error) at [1, 67]Parse error on "\"" (error) at [1, 67]Parse error on "\"" (error) at [1, 67]Parse error on "\"" (error) at [1, 67]Parse error on "\"" (error) at [1, 67]Parse error on "\"" (error) at [1, 67]Parse error on "\"" (error) at [1, 67]Parse error on "\"" (error) at [1, 67]Parse error on "\"" (error) at [1, 67]Parse error on "\"" (error) at [1, 67]Parse error on "\"" (error) at [1, 67]Parse error on "\"" (error) at [1, 67]Parse error on "\"" (error) at [1, 67]Parse error on "\"" (error) at [1, 67]Parse error on "\"" (error) at [1, 67]Parse error on "\"" (error) at [1, 67]Parse error on "\"" (error) at [1, 67]Parse error on "\"" (error) at [1, 67]Parse error on "\"" (error) at [1, 67]Parse error on "\"" (error) at [1, 67]Parse error on "\"" (error) at [1, 67]Parse error on "\"" (error) at [1, 67]Parse error on "\"" (error) at [1, 67]Parse error on "\"" (error) at [1, 67]Parse error on "\"" (error) at [1, 67]Parse error on "\"" (error) at [1, 67]Parse error on "\"" (error) at [1, 67]Parse error on "\"" (error) at [1, 67]Parse error on "\"" (error) at [1, 67]Parse error on "\"" (error) at [1, 67]Parse error on "\"" (error) at [1, 67]Parse error on "\"" (error) at [1, 67]Parse error on "\"" (error) at [1, 67]Parse error on "\"" (error) at [1, 67]Parse error on "\"" (error) at [1, 67]Parse error on "\"" (error) at [1, 67]Parse error on "\"" (error) at [1, 67]Parse error on "\"" (error) at [1, 67]Parse error on "\"" (error) at [1, 67]Parse error on "\"" (error) at [1, 67]Parse error on "\"" (error) at [1, 67]Parse error on "\"" (error) at [1, 67]Parse error on "\"" (error) at [1, 67]Parse error on "\"" (error) at [1, 67]Parse error on "\"" (error) at [1, 67]Parse error on "\"" (error) at [1, 67]Parse error on "\"" (error) at [1, 67]Parse error on "\"" (error) at [1, 67]Parse error on "\"" (error) at [1, 67]Parse error on "\"" (error) at [1, 67]Parse error on "\"" (error) at [1, 67]Parse error on "\"" (error) at [1, 67]Parse error on "\"" (error) at [1, 67]Parse error on "\"" (error) at [1, 67]Parse error on "\"" (error) at [1, 67]Parse error on "\"" (error) at [1, 67]Parse error on "\"" (error) at [1, 67]Parse error on "\"" (error) at [1, 67]Parse error on "\"" (error) at [1, 67]Parse error on "\"" (error) at [1, 67]Parse error on "\"" (error) at [1, 67]Parse error on "\"" (error) at [1, 67]Parse error on "\"" (error) at [1, 67]Parse error on "\"" (error) at [1, 67]Parse error on "\"" (error) at [1, 67]Parse error on "\"" (error) at [1, 67]Parse error on "\"" (error) at [1, 67]Parse error on "\"" (error) at [1, 67]Parse error on "\"" (error) at [1, 67]Parse error on "\"" (error) at [1, 67]Parse error on "\"" (error) at [1, 67]Parse error on "\"" (error) at [1, 67]Parse error on "\"" (error) at [1, 67]Parse error on "\"" (error) at [1, 67]Parse error on "\"" (error) at [1, 67]Parse error on "\"" (error) at [1, 67]Parse error on "\"" (error) at [1, 67]Parse error on "\"" (error) at [1, 67]Parse error on "\"" (error) at [1, 67]Parse error on "\"" (error) at [1, 67]Parse error on "\"" (error) at [1, 67]Parse error on "\"" (error) at [1, 67]Parse error on "\"" (error) at [1, 67]Parse error on "\"" (error) at [1, 67]Parse error on "\"" (error) at [1, 67]Parse error on "\"" (error) at [1, 67]Parse error on "\"" (error) at [1, 67]Parse error on "\"" (error) at [1, 67]Parse error on "\"" (error) at [1, 67]Parse error on "\"" (error) at [1, 67]Parse error on "\"" (error) at [1, 67]Parse error on "\"" (error) at [1, 67]Parse error on "\"" (error) at [1, 67]Parse error on "\"" (error) at [1, 67]Parse error on "\"" (error) at [1, 67]Parse error on "\"" (error) at [1, 67]Parse error on "\"" (error) at [1, 67]Parse error on "\"" (error) at [1, 67]Parse error on "\"" (error) at [1, 67]Parse error on "\"" (error) at [1, 67]Parse error on "\"" (error) at [1, 67]Parse error on "\"" (error) at [1, 67]Parse error on "\"" (error) at [1, 67]Parse error on "\"" (error) at [1, 67]Parse error on "\"" (error) at [1, 67]Parse error on "\"" (error) at [1, 67]Parse error on "\"" (error) at [1, 67]Parse error on "\"" (error) at [1, 67]Parse error on "\"" (error) at [1, 67]Parse error on "\"" (error) at [1, 67]Parse error on "\"" (error) at [1, 67]Parse error on "\"" (error) at [1, 67]Parse error on "\"" (error) at [1, 67]Parse error on "\"" (error) at [1, 67]Parse error on "\"" (error) at [1, 67]Parse error on "\"" (error) at [1, 67]Parse error on "\"" (error) at [1, 67]Parse error on "\"" (error) at [1, 67]Parse error on "\"" (error) at [1, 67]Parse error on "\"" (error) at [1, 67]Parse error on "\"" (error) at [1, 67]Parse error on "\"" (error) at [1, 67]Parse error on "\"" (error) at [1, 67]Parse error on "\"" (error) at [1, 67]Parse error on "\"" (error) at [1, 67]Parse error on "\"" (error) at [1, 67]Parse error on "\"" (error) at [1, 67]Parse error on "\"" (error) at [1, 67]Parse error on "\"" (error) at [1, 67]Parse error on "\"" (error) at [1, 67]Parse error on "\"" (error) at [1, 67]Parse error on "\"" (error) at [1, 67]Parse error on "\"" (error) at [1, 67]Parse error on "\"" (error) at [1, 67]Parse error on "\"" (error) at [1, 67]Parse error on "\"" (error) at [1, 67]Parse error on "\"" (error) at [1, 67]Parse error on "\"" (error) at [1, 67]Parse error on "\"" (error) at [1, 67]Parse error on "\"" (error) at [1, 67]Parse error on "\"" (error) at [1, 67]Parse error on "\"" (error) at [1, 67]Parse error on "\"" (error) at [1, 67]Parse error on "\"" (error) at [1, 67]Parse error on "\"" (error) at [1, 67]Parse error on "\"" (error) at [1, 67]Parse error on "\"" (error) at [1, 67]Parse error on "\"" (error) at [1, 67]Parse error on "\"" (error) at [1, 67]Parse error on "\"" (error) at [1, 67]Parse error on "\"" (error) at [1, 67]Parse error on "\"" (error) at [1, 67]Parse error on "\"" (error) at [1, 67]Parse error on "\"" (error) at [1, 67]Parse error on "\"" (error) at [1, 67]Parse error on "\"" (error) at [1, 67]Parse error on "\"" (error) at [1, 67]Parse error on "\"" (error) at [1, 77]Parse error on "\"" (error) at [1, 77]Parse error on "\"" (error) at [1, 77]Parse error on "\"" (error) at [1, 77]Parse error on "\"" (error) at [1, 77]Parse error on "\"" (error) at [1, 77]Parse error on "\"" (error) at [1, 77]Parse error on "\"" (error) at [1, 77]Parse error on "\"" (error) at [1, 77]Parse error on "\"" (error) at [1, 77]Parse error on "\"" (error) at [1, 77]Parse error on "\"" (error) at [1, 77]Parse error on "\"" (error) at [1, 77]Parse error on "\"" (error) at [1, 77]Parse error on "\"" (error) at [1, 77]Parse error on "\"" (error) at [1, 77]Parse error on "\"" (error) at [1, 77]Parse error on "\"" (error) at [1, 77]Parse error on "\"" (error) at [1, 77]Parse error on "\"" (error) at [1, 77]Parse error on "\"" (error) at [1, 77]Parse error on "\"" (error) at [1, 77]Parse error on "\"" (error) at [1, 77]Parse error on "\"" (error) at [1, 77]Parse error on "\"" (error) at [1, 77]Parse error on "\"" (error) at [1, 77]Parse error on "\"" (error) at [1, 77]Parse error on "\"" (error) at [1, 77]Parse error on "\"" (error) at [1, 77]Parse error on "\"" (error) at [1, 77]Parse error on "\"" (error) at [1, 77]Parse error on "\"" (error) at [1, 77]Parse error on "\"" (error) at [1, 77]Parse error on "\"" (error) at [1, 77]Parse error on "\"" (error) at [1, 77]Parse error on "\"" (error) at [1, 77]Parse error on "\"" (error) at [1, 77]Parse error on "\"" (error) at [1, 77]Parse error on "\"" (error) at [1, 77]Parse error on "\"" (error) at [1, 77]Parse error on "\"" (error) at [1, 77]Parse error on "\"" (error) at [1, 77]Parse error on "\"" (error) at [1, 77]Parse error on "\"" (error) at [1, 77]Parse error on "\"" (error) at [1, 77]Parse error on "\"" (error) at [1, 77]Parse error on "\"" (error) at [1, 77]Parse error on "\"" (error) at [1, 77]Parse error on "\"" (error) at [1, 77]Parse error on "\"" (error) at [1, 77]Parse error on "\"" (error) at [1, 77]Parse error on "\"" (error) at [1, 77]Parse error on "\"" (error) at [1, 77]Parse error on "\"" (error) at [1, 77]Parse error on "\"" (error) at [1, 77]Parse error on "\"" (error) at [1, 77]Parse error on "\"" (error) at [1, 77]Parse error on "\"" (error) at [1, 77]Parse error on "\"" (error) at [1, 77]Parse error on "\"" (error) at [1, 77]Parse error on "\"" (error) at [1, 77]Parse error on "\"" (error) at [1, 77]Parse error on "\"" (error) at [1, 77]Parse error on "\"" (error) at [1, 77]Parse error on "\"" (error) at [1, 77]Parse error on "\"" (error) at [1, 77]Parse error on "\"" (error) at [1, 77]Parse error on "\"" (error) at [1, 77]Parse error on "\"" (error) at [1, 77]Parse error on "\"" (error) at [1, 77]Parse error on "\"" (error) at [1, 77]Parse error on "\"" (error) at [1, 77]Parse error on "\"" (error) at [1, 77]Parse error on "\"" (error) at [1, 77]Parse error on "\"" (error) at [1, 77]Parse error on "\"" (error) at [1, 77]Parse error on "\"" (error) at [1, 77]Parse error on "\"" (error) at [1, 77]Parse error on "\"" (error) at [1, 77]Parse error on "\"" (error) at [1, 77]Parse error on "\"" (error) at [1, 77]Parse error on "\"" (error) at [1, 77]Parse error on "\"" (error) at [1, 77]Parse error on "\"" (error) at [1, 77]Parse error on "\"" (error) at [1, 77]Parse error on "\"" (error) at [1, 77]Parse error on "\"" (error) at [1, 77]Parse error on "\"" (error) at [1, 77]Parse error on "\"" (error) at [1, 77]Parse error on "\"" (error) at [1, 77]Parse error on "\"" (error) at [1, 77]Parse error on "\"" (error) at [1, 77]Parse error on "\"" (error) at [1, 77]Parse error on "\"" (error) at [1, 77]Parse error on "\"" (error) at [1, 77]Parse error on "\"" (error) at [1, 77]Parse error on "\"" (error) at [1, 77]Parse error on "\"" (error) at [1, 77]Parse error on "\"" (error) at [1, 77]Parse error on "\"" (error) at [1, 77]Parse error on "\"" (error) at [1, 77]Parse error on "\"" (error) at [1, 77]Parse error on "\"" (error) at [1, 77]Parse error on "\"" (error) at [1, 77]Parse error on "\"" (error) at [1, 77]Parse error on "\"" (error) at [1, 77]Parse error on "\"" (error) at [1, 77]Parse error on "\"" (error) at [1, 77]Parse error on "\"" (error) at [1, 77]Parse error on "\"" (error) at [1, 77]Parse error on "\"" (error) at [1, 77]Parse error on "\"" (error) at [1, 77]Parse error on "\"" (error) at [1, 67]Parse error on "\"" (error) at [1, 67]Parse error on "\"" (error) at [1, 67]Parse error on "\"" (error) at [1, 67]Parse error on "\"" (error) at [1, 67]Parse error on "\"" (error) at [1, 67]Parse error on "\"" (error) at [1, 67]Parse error on "\"" (error) at [1, 67]Parse error on "\"" (error) at [1, 67]Parse error on "\"" (error) at [1, 67]Parse error on "\"" (error) at [1, 67]Parse error on "\"" (error) at [1, 67]Parse error on "\"" (error) at [1, 67]Parse error on "\"" (error) at [1, 67]Parse error on "\"" (error) at [1, 67]Parse error on "\"" (error) at [1, 67]Parse error on "\"" (error) at [1, 67]Parse error on "\"" (error) at [1, 67]Parse error on "\"" (error) at [1, 67]Parse error on "\"" (error) at [1, 67]Parse error on "\"" (error) at [1, 67]Parse error on "\"" (error) at [1, 67]Parse error on "\"" (error) at [1, 67]Parse error on "\"" (error) at [1, 67]Parse error on "\"" (error) at [1, 67]Parse error on "\"" (error) at [1, 67]Parse error on "\"" (error) at [1, 67]Parse error on "\"" (error) at [1, 67]Parse error on "\"" (error) at [1, 67]Parse error on "\"" (error) at [1, 67]Parse error on "\"" (error) at [1, 67]Parse error on "\"" (error) at [1, 67]Parse error on "\"" (error) at [1, 67]Parse error on "\"" (error) at [1, 67]Parse error on "\"" (error) at [1, 67]Parse error on "\"" (error) at [1, 67]Parse error on "\"" (error) at [1, 67]Parse error on "\"" (error) at [1, 67]Parse error on "\"" (error) at [1, 67]Parse error on "\"" (error) at [1, 67]Parse error on "\"" (error) at [1, 67]Parse error on "\"" (error) at [1, 67]Parse error on "\"" (error) at [1, 67]Parse error on "\"" (error) at [1, 67]Parse error on "\"" (error) at [1, 67]Parse error on "\"" (error) at [1, 67]Parse error on "\"" (error) at [1, 67]Parse error on "\"" (error) at [1, 67]Parse error on "\"" (error) at [1, 67]Parse error on "\"" (error) at [1, 67]Parse error on "\"" (error) at [1, 67]Parse error on "\"" (error) at [1, 67]Parse error on "\"" (error) at [1, 67]Parse error on "\"" (error) at [1, 67]Parse error on "\"" (error) at [1, 67]Parse error on "\"" (error) at [1, 67]Parse error on "\"" (error) at [1, 67]Parse error on "\"" (error) at [1, 67]Parse error on "\"" (error) at [1, 67]Parse error on "\"" (error) at [1, 67]Parse error on "\"" (error) at [1, 67]Parse error on "\"" (error) at [1, 67]Parse error on "\"" (error) at [1, 67]Parse error on "\"" (error) at [1, 67]Parse error on "\"" (error) at [1, 67]Parse error on "\"" (error) at [1, 67]Parse error on "\"" (error) at [1, 67]Parse error on "\"" (error) at [1, 67]Parse error on "\"" (error) at [1, 67]Parse error on "\"" (error) at [1, 67]Parse error on "\"" (error) at [1, 67]Parse error on "\"" (error) at [1, 67]Parse error on "\"" (error) at [1, 67]Parse error on "\"" (error) at [1, 67]Parse error on "\"" (error) at [1, 67]Parse error on "\"" (error) at [1, 67]Parse error on "\"" (error) at [1, 67]Parse error on "\"" (error) at [1, 67]Parse error on "\"" (error) at [1, 67]Parse error on "\"" (error) at [1, 67]Parse error on "\"" (error) at [1, 67]Parse error on "\"" (error) at [1, 67]Parse error on "\"" (error) at [1, 67]Parse error on "\"" (error) at [1, 67]Parse error on "\"" (error) at [1, 67]Parse error on "\"" (error) at [1, 67]Parse error on "\"" (error) at [1, 67]Parse error on "\"" (error) at [1, 67]Parse error on "\"" (error) at [1, 67]Parse error on "\"" (error) at [1, 67]Parse error on "\"" (error) at [1, 67]Parse error on "\"" (error) at [1, 67]Parse error on "\"" (error) at [1, 67]Parse error on "\"" (error) at [1, 67]Parse error on "\"" (error) at [1, 67]Parse error on "\"" (error) at [1, 67]Parse error on "\"" (error) at [1, 67]Parse error on "\"" (error) at [1, 67]Parse error on "\"" (error) at [1, 67]Parse error on "\"" (error) at [1, 67]Parse error on "\"" (error) at [1, 67]Parse error on "\"" (error) at [1, 67]Parse error on "\"" (error) at [1, 67]Parse error on "\"" (error) at [1, 67]Parse error on "\"" (error) at [1, 67]Parse error on "\"" (error) at [1, 67]Parse error on "\"" (error) at [1, 67]Parse error on "\"" (error) at [1, 67]Parse error on "\"" (error) at [1, 67]Parse error on "\"" (error) at [1, 67]Parse error on "\"" (error) at [1, 67]Parse error on "\"" (error) at [1, 67]Parse error on "\"" (error) at [1, 67]Parse error on "\"" (error) at [1, 67]Parse error on "\"" (error) at [1, 67]Parse error on "\"" (error) at [1, 67]Parse error on "\"" (error) at [1, 67]Parse error on "\"" (error) at [1, 67]Parse error on "\"" (error) at [1, 67]Parse error on "\"" (error) at [1, 67]Parse error on "\"" (error) at [1, 67]Parse error on "\"" (error) at [1, 67]Parse error on "\"" (error) at [1, 67]Parse error on "\"" (error) at [1, 67]Parse error on "\"" (error) at [1, 67]Parse error on "\"" (error) at [1, 67]Parse error on "\"" (error) at [1, 67]Parse error on "\"" (error) at [1, 67]Parse error on "\"" (error) at [1, 67]Parse error on "\"" (error) at [1, 67]Parse error on "\"" (error) at [1, 67]Parse error on "\"" (error) at [1, 67]Parse error on "\"" (error) at [1, 67]Parse error on "\"" (error) at [1, 67]Parse error on "\"" (error) at [1, 67]Parse error on "\"" (error) at [1, 67]Parse error on "\"" (error) at [1, 67]Parse error on "\"" (error) at [1, 67]Parse error on "\"" (error) at [1, 67]